Unknown	2	212	1



Undetected flows:
	1	UDP [dead::beef]:30000 -> [cafe::babe]:13000 [proto: 0/Unknown][2 pkts/212 bytes -> 0 pkts/0 bytes][Goodput ratio: 4/0][0.00 sec]
